[1677498239.062][INFO]: Starting ChromeDriver 105.0.5195.52 (412c95e518836d8a7d97250d62b29c2ae6a26a85-refs/branch-heads/5195@{#853}) on port 46167
[1677498239.075][INFO]: Please see https://chromedriver.chromium.org/security-considerations for suggestions on keeping ChromeDriver safe.
[1677498239.415][INFO]: [fe5f18986273cebc4b28e2132865e0e6] COMMAND InitSession {
   "capabilities": {
      "alwaysMatch": {
         "browserName": "chrome",
         "goog:chromeOptions": {
            "args": [ "--no-sandbox", "--headless", "start-maximized", "window-size=1900,1080", "disable-gpu", "--disable-software-rasterizer", "--disable-dev-shm-usage", "user-agent=Mozilla/5.0 (Macintosh; Intel Mac OS X 11.5; rv:90.0) Gecko/20100101 Firefox/90.0" ],
            "extensions": [  ]
         },
         "pageLoadStrategy": "normal"
      },
      "firstMatch": [ {
      } ]
   },
   "desiredCapabilities": {
      "browserName": "chrome",
      "goog:chromeOptions": {
         "args": [ "--no-sandbox", "--headless", "start-maximized", "window-size=1900,1080", "disable-gpu", "--disable-software-rasterizer", "--disable-dev-shm-usage", "user-agent=Mozilla/5.0 (Macintosh; Intel Mac OS X 11.5; rv:90.0) Gecko/20100101 Firefox/90.0" ],
         "extensions": [  ]
      },
      "pageLoadStrategy": "normal"
   }
}
[1677498239.416][INFO]: Populating Preferences file: {
   "alternate_error_pages": {
      "enabled": false
   },
   "autofill": {
      "enabled": false
   },
   "browser": {
      "check_default_browser": false
   },
   "distribution": {
      "import_bookmarks": false,
      "import_history": false,
      "import_search_engine": false,
      "make_chrome_default_for_user": false,
      "skip_first_run_ui": true
   },
   "dns_prefetching": {
      "enabled": false
   },
   "profile": {
      "content_settings": {
         "pattern_pairs": {
            "https://*,*": {
               "media-stream": {
                  "audio": "Default",
                  "video": "Default"
               }
            }
         }
      },
      "default_content_setting_values": {
         "geolocation": 1
      },
      "default_content_settings": {
         "geolocation": 1,
         "mouselock": 1,
         "notifications": 1,
         "popups": 1,
         "ppapi-broker": 1
      },
      "password_manager_enabled": false
   },
   "safebrowsing": {
      "enabled": false
   },
   "search": {
      "suggest_enabled": false
   },
   "translate": {
      "enabled": false
   }
}
[1677498239.416][INFO]: Populating Local State file: {
   "background_mode": {
      "enabled": false
   },
   "ssl": {
      "rev_checking": {
         "enabled": false
      }
   }
}
[1677498239.417][INFO]: Launching chrome: /usr/bin/google-chrome --allow-pre-commit-input --disable-background-networking --disable-client-side-phishing-detection --disable-default-apps --disable-dev-shm-usage --disable-gpu --disable-hang-monitor --disable-popup-blocking --disable-prompt-on-repost --disable-software-rasterizer --disable-sync --enable-automation --enable-blink-features=ShadowDOMV0 --enable-logging --headless --log-level=0 --no-first-run --no-sandbox --no-service-autorun --password-store=basic --remote-debugging-port=0 --start-maximized --test-type=webdriver --use-mock-keychain --user-agent=Mozilla/5.0 (Macintosh; Intel Mac OS X 11.5; rv:90.0) Gecko/20100101 Firefox/90.0 --user-data-dir=/tmp/.com.google.Chrome.uW0rl1 --window-size=1900,1080 data:,

DevTools listening on ws://127.0.0.1:46405/devtools/browser/f6eb65e2-6da9-451a-945e-085ad3e7ebdd
[1677498240.021][DEBUG]: DevTools HTTP Request: http://localhost:46405/json/version
[0227/114400.029809:WARNING:bluez_dbus_manager.cc(247)] Floss manager not present, cannot set Floss enable/disable.
[1677498240.221][DEBUG]: DevTools HTTP Response: {
   "Browser": "HeadlessChrome/110.0.5481.177",
   "Protocol-Version": "1.3",
   "User-Agent": "Mozilla/5.0 (Macintosh; Intel Mac OS X 11.5; rv:90.0) Gecko/20100101 Firefox/90.0",
   "V8-Version": "11.0.226.16",
   "WebKit-Version": "537.36 (@f34f7ab2d4ca4ad498ef42aeba4f4eb2c1392d63)",
   "webSocketDebuggerUrl": "ws://localhost:46405/devtools/browser/f6eb65e2-6da9-451a-945e-085ad3e7ebdd"
}

[1677498240.222][INFO]: Failed to connect to Chrome. Attempting to kill it.
[1677498240.333][INFO]: [fe5f18986273cebc4b28e2132865e0e6] RESPONSE InitSession ERROR session not created: This version of ChromeDriver only supports Chrome version 105
Current browser version is 110.0.5481.177 with binary path /usr/bin/google-chrome
[1677498240.333][DEBUG]: Log type 'driver' lost 0 entries on destruction
[1677498240.333][DEBUG]: Log type 'browser' lost 0 entries on destruction
[0100/000000.744000:ERROR:gpu_init.cc(523)] Passthrough is not supported, GL is disabled, ANGLE is 
